// Vitest Snapshot v1

exports[`ItemList > should render successfully 1`] = `
<div>
  <ol
    class="space-y-1 pt-1"
    data-testid="group-card-items"
  >
    <li
      class="flex h-8 items-center justify-between space-x-3"
    >
      <span
        class="truncate"
      >
        Item 1
      </span>
      <button
        class="rounded-md p-1 hover:bg-red-100"
        data-testid="group-item-settings"
      >
        <svg
          aria-hidden="true"
          class="h-5 w-5"
          fill="currentColor"
          viewBox="0 0 20 20"
          xmlns="http://www.w3.org/2000/svg"
        >
          <path
            d="M3 10a1.5 1.5 0 113 0 1.5 1.5 0 01-3 0zM8.5 10a1.5 1.5 0 113 0 1.5 1.5 0 01-3 0zM15.5 8.5a1.5 1.5 0 100 3 1.5 1.5 0 000-3z"
          />
        </svg>
      </button>
    </li>
  </ol>
</div>
`;
